[
    {
        "listName": "CSV liste",
        "recipientFilter": "manual",
        "recipientsCount": 2,
        "id": "f025e9d8-4774-49d9-96c1-ed37fc814465",
        "listType": "email",
        "createdTimestamp": "1645660800000"
    }
]
