[
  {
    "listName": "Excel liste",
    "recipientsCount": 2,
    "recipientFilter": "manual",
    "listType": "email",
    "id": "82bb9895-43f9-4d7d-a706-1a705eb46c75",
    "createdTimestamp": "1645660800000"
  }
]
